D:\STM32Cube IDE\CubeIDE_1.13.1\STM32CubeIDE_1.13.1\STM32CubeIDE\plugins\com.st.stm32cube.ide.mcu.externaltools.gnu-tools-for-stm32.11.3.rel1.win32_1.1.0.202305231506\tools\arm-none-eabi\include\c++\11.3.1\limits:1204:7:static constexpr long int std::numeric_limits<long int>::min()	4	static
D:\STM32Cube IDE\CubeIDE_1.13.1\STM32CubeIDE_1.13.1\STM32CubeIDE\plugins\com.st.stm32cube.ide.mcu.externaltools.gnu-tools-for-stm32.11.3.rel1.win32_1.1.0.202305231506\tools\arm-none-eabi\include\c++\11.3.1\limits:1207:7:static constexpr long int std::numeric_limits<long int>::max()	4	static
D:/EmbeddedSystems/Workspace_AI/nucleo-l496zg-tflite-sine-test/tensorflow_lite/third_party/gemmlowp/fixedpoint/fixedpoint.h:329:21:IntegerType gemmlowp::SaturatingRoundingDoublingHighMul(IntegerType, IntegerType) [with IntegerType = long int]	104	static
D:/EmbeddedSystems/Workspace_AI/nucleo-l496zg-tflite-sine-test/tensorflow_lite/tensorflow/lite/kernels/internal/types.h:137:3:tflite::RuntimeShape::RuntimeShape()	16	static
D:/EmbeddedSystems/Workspace_AI/nucleo-l496zg-tflite-sine-test/tensorflow_lite/tensorflow/lite/kernels/internal/types.h:156:3:tflite::RuntimeShape::RuntimeShape(int, const int32*)	24	static
D:/EmbeddedSystems/Workspace_AI/nucleo-l496zg-tflite-sine-test/tensorflow_lite/tensorflow/lite/kernels/internal/types.h:178:3:tflite::RuntimeShape::~RuntimeShape()	16	static
D:/EmbeddedSystems/Workspace_AI/nucleo-l496zg-tflite-sine-test/tensorflow_lite/tensorflow/lite/kernels/internal/types.h:188:16:int32 tflite::RuntimeShape::DimensionsCount() const	16	static
D:/EmbeddedSystems/Workspace_AI/nucleo-l496zg-tflite-sine-test/tensorflow_lite/tensorflow/lite/kernels/internal/types.h:189:16:int32 tflite::RuntimeShape::Dims(int) const	16	static
D:/EmbeddedSystems/Workspace_AI/nucleo-l496zg-tflite-sine-test/tensorflow_lite/tensorflow/lite/kernels/internal/types.h:194:15:void tflite::RuntimeShape::SetDim(int, int32)	24	static
D:/EmbeddedSystems/Workspace_AI/nucleo-l496zg-tflite-sine-test/tensorflow_lite/tensorflow/lite/kernels/internal/types.h:204:17:int32* tflite::RuntimeShape::DimsData()	16	static
D:/EmbeddedSystems/Workspace_AI/nucleo-l496zg-tflite-sine-test/tensorflow_lite/tensorflow/lite/kernels/internal/types.h:207:23:const int32* tflite::RuntimeShape::DimsData() const	16	static
D:/EmbeddedSystems/Workspace_AI/nucleo-l496zg-tflite-sine-test/tensorflow_lite/tensorflow/lite/kernels/internal/types.h:211:23:const int32* tflite::RuntimeShape::DimsDataUpTo5D() const	16	static
D:/EmbeddedSystems/Workspace_AI/nucleo-l496zg-tflite-sine-test/tensorflow_lite/tensorflow/lite/kernels/internal/types.h:213:15:void tflite::RuntimeShape::Resize(int)	16	static
D:/EmbeddedSystems/Workspace_AI/nucleo-l496zg-tflite-sine-test/tensorflow_lite/tensorflow/lite/kernels/internal/types.h:231:15:void tflite::RuntimeShape::ReplaceWith(int, const int32*)	32	static
D:/EmbeddedSystems/Workspace_AI/nucleo-l496zg-tflite-sine-test/tensorflow_lite/tensorflow/lite/kernels/internal/types.h:254:30:static tflite::RuntimeShape tflite::RuntimeShape::ExtendedShape(int, const tflite::RuntimeShape&)	24	static
D:/EmbeddedSystems/Workspace_AI/nucleo-l496zg-tflite-sine-test/tensorflow_lite/tensorflow/lite/kernels/internal/types.h:265:14:int tflite::RuntimeShape::FlatSize() const	32	static
D:/EmbeddedSystems/Workspace_AI/nucleo-l496zg-tflite-sine-test/tensorflow_lite/tensorflow/lite/kernels/internal/types.h:280:3:tflite::RuntimeShape::RuntimeShape(int, const tflite::RuntimeShape&, int)	40	static
D:/EmbeddedSystems/Workspace_AI/nucleo-l496zg-tflite-sine-test/tensorflow_lite/tensorflow/lite/kernels/internal/types.h:379:12:int tflite::Offset(const tflite::RuntimeShape&, int, int, int, int)	32	static
D:/EmbeddedSystems/Workspace_AI/nucleo-l496zg-tflite-sine-test/tensorflow_lite/tensorflow/lite/kernels/internal/types.h:481:12:int tflite::MatchingFlatSize(const tflite::RuntimeShape&, const tflite::RuntimeShape&)	32	static
D:/EmbeddedSystems/Workspace_AI/nucleo-l496zg-tflite-sine-test/tensorflow_lite/tensorflow/lite/kernels/internal/types.h:491:12:int tflite::MatchingFlatSize(const tflite::RuntimeShape&, const tflite::RuntimeShape&, const tflite::RuntimeShape&)	40	static
D:/EmbeddedSystems/Workspace_AI/nucleo-l496zg-tflite-sine-test/tensorflow_lite/tensorflow/lite/kernels/internal/common.h:138:14:int32 tflite::MultiplyByQuantizedMultiplierSmallerThanOneExp(int32, int32, int)	24	static
D:/EmbeddedSystems/Workspace_AI/nucleo-l496zg-tflite-sine-test/tensorflow_lite/tensorflow/lite/kernels/internal/common.h:632:12:int tflite::SubscriptToIndex(const tflite::NdArrayDesc<4>&, int, int, int, int)	24	static
\\?\D:\STM32Cube IDE\CubeIDE_1.13.1\STM32CubeIDE_1.13.1\STM32CubeIDE\plugins\com.st.stm32cube.ide.mcu.externaltools.gnu-tools-for-stm32.11.3.rel1.win32_1.1.0.202305231506\tools\arm-none-eabi\include\c++\11.3.1\arm-none-eabi\thumb\v7e-m+fp\hard\bits\gthr-default.h:229:1:int __gthread_key_delete(__gthread_key_t)	16	static
D:/EmbeddedSystems/Workspace_AI/nucleo-l496zg-tflite-sine-test/tensorflow_lite/tensorflow/lite/kernels/internal/reference/comparisons.h:138:8:tflite::reference_ops::BroadcastComparison4DSlowCommon::~BroadcastComparison4DSlowCommon()	16	static
D:/EmbeddedSystems/Workspace_AI/nucleo-l496zg-tflite-sine-test/tensorflow_lite/tensorflow/lite/kernels/internal/reference/comparisons.h:144:40:tflite::reference_ops::BroadcastComparison4DSlowCommon tflite::reference_ops::BroadcastComparison4DSlowPreprocess(const tflite::RuntimeShape&, const tflite::RuntimeShape&, const tflite::RuntimeShape&)	96	static
D:/EmbeddedSystems/Workspace_AI/nucleo-l496zg-tflite-sine-test/tensorflow_lite/tensorflow/lite/kernels/internal/tensor_ctypes.h:34:21:tflite::RuntimeShape tflite::GetTensorShape(const TfLiteTensor*)	32	static
D:/EmbeddedSystems/Workspace_AI/nucleo-l496zg-tflite-sine-test/tensorflow_lite/tensorflow/lite/kernels/kernel_util.h:31:28:const TfLiteTensor* tflite::GetInput(const TfLiteContext*, const TfLiteNode*, int)	32	static
D:/EmbeddedSystems/Workspace_AI/nucleo-l496zg-tflite-sine-test/tensorflow_lite/tensorflow/lite/kernels/kernel_util.h:51:22:TfLiteTensor* tflite::GetOutput(TfLiteContext*, const TfLiteNode*, int)	32	static
../tensorflow_lite/tensorflow/lite/micro/kernels/comparisons.cc:100:14:TfLiteStatus tflite::ops::micro::comparisons::{anonymous}::EqualEval(TfLiteContext*, TfLiteNode*)	696	static
../tensorflow_lite/tensorflow/lite/micro/kernels/comparisons.cc:135:14:TfLiteStatus tflite::ops::micro::comparisons::{anonymous}::NotEqualEval(TfLiteContext*, TfLiteNode*)	696	static
../tensorflow_lite/tensorflow/lite/micro/kernels/comparisons.cc:169:14:TfLiteStatus tflite::ops::micro::comparisons::{anonymous}::GreaterEval(TfLiteContext*, TfLiteNode*)	552	static
../tensorflow_lite/tensorflow/lite/micro/kernels/comparisons.cc:200:14:TfLiteStatus tflite::ops::micro::comparisons::{anonymous}::GreaterEqualEval(TfLiteContext*, TfLiteNode*)	552	static
../tensorflow_lite/tensorflow/lite/micro/kernels/comparisons.cc:231:14:TfLiteStatus tflite::ops::micro::comparisons::{anonymous}::LessEval(TfLiteContext*, TfLiteNode*)	552	static
../tensorflow_lite/tensorflow/lite/micro/kernels/comparisons.cc:262:14:TfLiteStatus tflite::ops::micro::comparisons::{anonymous}::LessEqualEval(TfLiteContext*, TfLiteNode*)	552	static
../tensorflow_lite/tensorflow/lite/micro/kernels/comparisons.cc:296:21:TfLiteRegistration* tflite::ops::micro::Register_EQUAL()	4	static
../tensorflow_lite/tensorflow/lite/micro/kernels/comparisons.cc:308:21:TfLiteRegistration* tflite::ops::micro::Register_NOT_EQUAL()	4	static
../tensorflow_lite/tensorflow/lite/micro/kernels/comparisons.cc:320:21:TfLiteRegistration* tflite::ops::micro::Register_GREATER()	4	static
../tensorflow_lite/tensorflow/lite/micro/kernels/comparisons.cc:332:21:TfLiteRegistration* tflite::ops::micro::Register_GREATER_EQUAL()	4	static
../tensorflow_lite/tensorflow/lite/micro/kernels/comparisons.cc:344:21:TfLiteRegistration* tflite::ops::micro::Register_LESS()	4	static
../tensorflow_lite/tensorflow/lite/micro/kernels/comparisons.cc:356:21:TfLiteRegistration* tflite::ops::micro::Register_LESS_EQUAL()	4	static
D:/EmbeddedSystems/Workspace_AI/nucleo-l496zg-tflite-sine-test/tensorflow_lite/third_party/gemmlowp/fixedpoint/fixedpoint.h:357:20:IntegerType gemmlowp::RoundingDivideByPOT(IntegerType, int) [with IntegerType = long int]	56	static
D:/EmbeddedSystems/Workspace_AI/nucleo-l496zg-tflite-sine-test/tensorflow_lite/tensorflow/lite/kernels/internal/common.h:718:13:void tflite::NdArrayDescsForElementwiseBroadcast(const tflite::RuntimeShape&, const tflite::RuntimeShape&, tflite::NdArrayDesc<N>*, tflite::NdArrayDesc<N>*) [with int N = 4]	88	static
D:/EmbeddedSystems/Workspace_AI/nucleo-l496zg-tflite-sine-test/tensorflow_lite/tensorflow/lite/kernels/internal/reference/comparisons.h:28:13:bool tflite::reference_ops::EqualFn(T, T) [with T = float]	16	static
D:/EmbeddedSystems/Workspace_AI/nucleo-l496zg-tflite-sine-test/tensorflow_lite/tensorflow/lite/kernels/internal/reference/comparisons.h:33:13:bool tflite::reference_ops::NotEqualFn(T, T) [with T = float]	16	static
D:/EmbeddedSystems/Workspace_AI/nucleo-l496zg-tflite-sine-test/tensorflow_lite/tensorflow/lite/kernels/internal/reference/comparisons.h:38:13:bool tflite::reference_ops::GreaterFn(T, T) [with T = float]	16	static
D:/EmbeddedSystems/Workspace_AI/nucleo-l496zg-tflite-sine-test/tensorflow_lite/tensorflow/lite/kernels/internal/reference/comparisons.h:42:13:bool tflite::reference_ops::GreaterEqualFn(T, T) [with T = float]	16	static
D:/EmbeddedSystems/Workspace_AI/nucleo-l496zg-tflite-sine-test/tensorflow_lite/tensorflow/lite/kernels/internal/reference/comparisons.h:46:13:bool tflite::reference_ops::LessFn(T, T) [with T = float]	16	static
D:/EmbeddedSystems/Workspace_AI/nucleo-l496zg-tflite-sine-test/tensorflow_lite/tensorflow/lite/kernels/internal/reference/comparisons.h:50:13:bool tflite::reference_ops::LessEqualFn(T, T) [with T = float]	16	static
D:/EmbeddedSystems/Workspace_AI/nucleo-l496zg-tflite-sine-test/tensorflow_lite/tensorflow/lite/kernels/internal/tensor_ctypes.h:29:17:const T* tflite::GetTensorData(const TfLiteTensor*) [with T = bool]	16	static
D:/EmbeddedSystems/Workspace_AI/nucleo-l496zg-tflite-sine-test/tensorflow_lite/tensorflow/lite/kernels/internal/tensor_ctypes.h:24:11:T* tflite::GetTensorData(TfLiteTensor*) [with T = bool]	16	static
D:/EmbeddedSystems/Workspace_AI/nucleo-l496zg-tflite-sine-test/tensorflow_lite/tensorflow/lite/kernels/internal/reference/comparisons.h:323:1:void tflite::reference_ops::Broadcast4DSlowEqualNoScaling(const tflite::ComparisonParams&, const tflite::RuntimeShape&, const T*, const tflite::RuntimeShape&, const T*, const tflite::RuntimeShape&, bool*) [with T = bool]	40	static
D:/EmbeddedSystems/Workspace_AI/nucleo-l496zg-tflite-sine-test/tensorflow_lite/tensorflow/lite/kernels/internal/reference/comparisons.h:323:1:void tflite::reference_ops::EqualNoScaling(const tflite::ComparisonParams&, const tflite::RuntimeShape&, const T*, const tflite::RuntimeShape&, const T*, const tflite::RuntimeShape&, bool*) [with T = bool]	40	static
D:/EmbeddedSystems/Workspace_AI/nucleo-l496zg-tflite-sine-test/tensorflow_lite/tensorflow/lite/kernels/internal/tensor_ctypes.h:29:17:const T* tflite::GetTensorData(const TfLiteTensor*) [with T = float]	16	static
D:/EmbeddedSystems/Workspace_AI/nucleo-l496zg-tflite-sine-test/tensorflow_lite/tensorflow/lite/kernels/internal/reference/comparisons.h:323:1:void tflite::reference_ops::Broadcast4DSlowEqualNoScaling(const tflite::ComparisonParams&, const tflite::RuntimeShape&, const T*, const tflite::RuntimeShape&, const T*, const tflite::RuntimeShape&, bool*) [with T = float]	40	static
D:/EmbeddedSystems/Workspace_AI/nucleo-l496zg-tflite-sine-test/tensorflow_lite/tensorflow/lite/kernels/internal/reference/comparisons.h:323:1:void tflite::reference_ops::EqualNoScaling(const tflite::ComparisonParams&, const tflite::RuntimeShape&, const T*, const tflite::RuntimeShape&, const T*, const tflite::RuntimeShape&, bool*) [with T = float]	40	static
D:/EmbeddedSystems/Workspace_AI/nucleo-l496zg-tflite-sine-test/tensorflow_lite/tensorflow/lite/kernels/internal/tensor_ctypes.h:29:17:const T* tflite::GetTensorData(const TfLiteTensor*) [with T = long int]	16	static
D:/EmbeddedSystems/Workspace_AI/nucleo-l496zg-tflite-sine-test/tensorflow_lite/tensorflow/lite/kernels/internal/reference/comparisons.h:323:1:void tflite::reference_ops::Broadcast4DSlowEqualNoScaling(const tflite::ComparisonParams&, const tflite::RuntimeShape&, const T*, const tflite::RuntimeShape&, const T*, const tflite::RuntimeShape&, bool*) [with T = long int]	40	static
D:/EmbeddedSystems/Workspace_AI/nucleo-l496zg-tflite-sine-test/tensorflow_lite/tensorflow/lite/kernels/internal/reference/comparisons.h:323:1:void tflite::reference_ops::EqualNoScaling(const tflite::ComparisonParams&, const tflite::RuntimeShape&, const T*, const tflite::RuntimeShape&, const T*, const tflite::RuntimeShape&, bool*) [with T = long int]	40	static
D:/EmbeddedSystems/Workspace_AI/nucleo-l496zg-tflite-sine-test/tensorflow_lite/tensorflow/lite/kernels/internal/tensor_ctypes.h:29:17:const T* tflite::GetTensorData(const TfLiteTensor*) [with T = long long int]	16	static
D:/EmbeddedSystems/Workspace_AI/nucleo-l496zg-tflite-sine-test/tensorflow_lite/tensorflow/lite/kernels/internal/reference/comparisons.h:323:1:void tflite::reference_ops::Broadcast4DSlowEqualNoScaling(const tflite::ComparisonParams&, const tflite::RuntimeShape&, const T*, const tflite::RuntimeShape&, const T*, const tflite::RuntimeShape&, bool*) [with T = long long int]	40	static
D:/EmbeddedSystems/Workspace_AI/nucleo-l496zg-tflite-sine-test/tensorflow_lite/tensorflow/lite/kernels/internal/reference/comparisons.h:323:1:void tflite::reference_ops::EqualNoScaling(const tflite::ComparisonParams&, const tflite::RuntimeShape&, const T*, const tflite::RuntimeShape&, const T*, const tflite::RuntimeShape&, bool*) [with T = long long int]	40	static
../tensorflow_lite/tensorflow/lite/micro/kernels/comparisons.cc:78:1:void tflite::ops::micro::comparisons::{anonymous}::EvalQuantizedEqual(TfLiteContext*, TfLiteNode*, const TfLiteTensor*, const TfLiteTensor*, TfLiteTensor*, bool) [with input_dtype = unsigned char]	256	static
../tensorflow_lite/tensorflow/lite/micro/kernels/comparisons.cc:78:1:void tflite::ops::micro::comparisons::{anonymous}::EvalQuantizedEqual(TfLiteContext*, TfLiteNode*, const TfLiteTensor*, const TfLiteTensor*, TfLiteTensor*, bool) [with input_dtype = signed char]	256	static
D:/EmbeddedSystems/Workspace_AI/nucleo-l496zg-tflite-sine-test/tensorflow_lite/tensorflow/lite/kernels/internal/reference/comparisons.h:324:1:void tflite::reference_ops::Broadcast4DSlowNotEqualNoScaling(const tflite::ComparisonParams&, const tflite::RuntimeShape&, const T*, const tflite::RuntimeShape&, const T*, const tflite::RuntimeShape&, bool*) [with T = bool]	40	static
D:/EmbeddedSystems/Workspace_AI/nucleo-l496zg-tflite-sine-test/tensorflow_lite/tensorflow/lite/kernels/internal/reference/comparisons.h:324:1:void tflite::reference_ops::NotEqualNoScaling(const tflite::ComparisonParams&, const tflite::RuntimeShape&, const T*, const tflite::RuntimeShape&, const T*, const tflite::RuntimeShape&, bool*) [with T = bool]	40	static
D:/EmbeddedSystems/Workspace_AI/nucleo-l496zg-tflite-sine-test/tensorflow_lite/tensorflow/lite/kernels/internal/reference/comparisons.h:324:1:void tflite::reference_ops::Broadcast4DSlowNotEqualNoScaling(const tflite::ComparisonParams&, const tflite::RuntimeShape&, const T*, const tflite::RuntimeShape&, const T*, const tflite::RuntimeShape&, bool*) [with T = float]	40	static
D:/EmbeddedSystems/Workspace_AI/nucleo-l496zg-tflite-sine-test/tensorflow_lite/tensorflow/lite/kernels/internal/reference/comparisons.h:324:1:void tflite::reference_ops::NotEqualNoScaling(const tflite::ComparisonParams&, const tflite::RuntimeShape&, const T*, const tflite::RuntimeShape&, const T*, const tflite::RuntimeShape&, bool*) [with T = float]	40	static
D:/EmbeddedSystems/Workspace_AI/nucleo-l496zg-tflite-sine-test/tensorflow_lite/tensorflow/lite/kernels/internal/reference/comparisons.h:324:1:void tflite::reference_ops::Broadcast4DSlowNotEqualNoScaling(const tflite::ComparisonParams&, const tflite::RuntimeShape&, const T*, const tflite::RuntimeShape&, const T*, const tflite::RuntimeShape&, bool*) [with T = long int]	40	static
D:/EmbeddedSystems/Workspace_AI/nucleo-l496zg-tflite-sine-test/tensorflow_lite/tensorflow/lite/kernels/internal/reference/comparisons.h:324:1:void tflite::reference_ops::NotEqualNoScaling(const tflite::ComparisonParams&, const tflite::RuntimeShape&, const T*, const tflite::RuntimeShape&, const T*, const tflite::RuntimeShape&, bool*) [with T = long int]	40	static
D:/EmbeddedSystems/Workspace_AI/nucleo-l496zg-tflite-sine-test/tensorflow_lite/tensorflow/lite/kernels/internal/reference/comparisons.h:324:1:void tflite::reference_ops::Broadcast4DSlowNotEqualNoScaling(const tflite::ComparisonParams&, const tflite::RuntimeShape&, const T*, const tflite::RuntimeShape&, const T*, const tflite::RuntimeShape&, bool*) [with T = long long int]	40	static
D:/EmbeddedSystems/Workspace_AI/nucleo-l496zg-tflite-sine-test/tensorflow_lite/tensorflow/lite/kernels/internal/reference/comparisons.h:324:1:void tflite::reference_ops::NotEqualNoScaling(const tflite::ComparisonParams&, const tflite::RuntimeShape&, const T*, const tflite::RuntimeShape&, const T*, const tflite::RuntimeShape&, bool*) [with T = long long int]	40	static
../tensorflow_lite/tensorflow/lite/micro/kernels/comparisons.cc:79:1:void tflite::ops::micro::comparisons::{anonymous}::EvalQuantizedNotEqual(TfLiteContext*, TfLiteNode*, const TfLiteTensor*, const TfLiteTensor*, TfLiteTensor*, bool) [with input_dtype = unsigned char]	256	static
../tensorflow_lite/tensorflow/lite/micro/kernels/comparisons.cc:79:1:void tflite::ops::micro::comparisons::{anonymous}::EvalQuantizedNotEqual(TfLiteContext*, TfLiteNode*, const TfLiteTensor*, const TfLiteTensor*, TfLiteTensor*, bool) [with input_dtype = signed char]	256	static
D:/EmbeddedSystems/Workspace_AI/nucleo-l496zg-tflite-sine-test/tensorflow_lite/tensorflow/lite/kernels/internal/reference/comparisons.h:325:1:void tflite::reference_ops::Broadcast4DSlowGreaterNoScaling(const tflite::ComparisonParams&, const tflite::RuntimeShape&, const T*, const tflite::RuntimeShape&, const T*, const tflite::RuntimeShape&, bool*) [with T = float]	40	static
D:/EmbeddedSystems/Workspace_AI/nucleo-l496zg-tflite-sine-test/tensorflow_lite/tensorflow/lite/kernels/internal/reference/comparisons.h:325:1:void tflite::reference_ops::GreaterNoScaling(const tflite::ComparisonParams&, const tflite::RuntimeShape&, const T*, const tflite::RuntimeShape&, const T*, const tflite::RuntimeShape&, bool*) [with T = float]	40	static
D:/EmbeddedSystems/Workspace_AI/nucleo-l496zg-tflite-sine-test/tensorflow_lite/tensorflow/lite/kernels/internal/reference/comparisons.h:325:1:void tflite::reference_ops::Broadcast4DSlowGreaterNoScaling(const tflite::ComparisonParams&, const tflite::RuntimeShape&, const T*, const tflite::RuntimeShape&, const T*, const tflite::RuntimeShape&, bool*) [with T = long int]	40	static
D:/EmbeddedSystems/Workspace_AI/nucleo-l496zg-tflite-sine-test/tensorflow_lite/tensorflow/lite/kernels/internal/reference/comparisons.h:325:1:void tflite::reference_ops::GreaterNoScaling(const tflite::ComparisonParams&, const tflite::RuntimeShape&, const T*, const tflite::RuntimeShape&, const T*, const tflite::RuntimeShape&, bool*) [with T = long int]	40	static
D:/EmbeddedSystems/Workspace_AI/nucleo-l496zg-tflite-sine-test/tensorflow_lite/tensorflow/lite/kernels/internal/reference/comparisons.h:325:1:void tflite::reference_ops::Broadcast4DSlowGreaterNoScaling(const tflite::ComparisonParams&, const tflite::RuntimeShape&, const T*, const tflite::RuntimeShape&, const T*, const tflite::RuntimeShape&, bool*) [with T = long long int]	40	static
D:/EmbeddedSystems/Workspace_AI/nucleo-l496zg-tflite-sine-test/tensorflow_lite/tensorflow/lite/kernels/internal/reference/comparisons.h:325:1:void tflite::reference_ops::GreaterNoScaling(const tflite::ComparisonParams&, const tflite::RuntimeShape&, const T*, const tflite::RuntimeShape&, const T*, const tflite::RuntimeShape&, bool*) [with T = long long int]	40	static
../tensorflow_lite/tensorflow/lite/micro/kernels/comparisons.cc:80:1:void tflite::ops::micro::comparisons::{anonymous}::EvalQuantizedGreater(TfLiteContext*, TfLiteNode*, const TfLiteTensor*, const TfLiteTensor*, TfLiteTensor*, bool) [with input_dtype = unsigned char]	256	static
../tensorflow_lite/tensorflow/lite/micro/kernels/comparisons.cc:80:1:void tflite::ops::micro::comparisons::{anonymous}::EvalQuantizedGreater(TfLiteContext*, TfLiteNode*, const TfLiteTensor*, const TfLiteTensor*, TfLiteTensor*, bool) [with input_dtype = signed char]	256	static
D:/EmbeddedSystems/Workspace_AI/nucleo-l496zg-tflite-sine-test/tensorflow_lite/tensorflow/lite/kernels/internal/reference/comparisons.h:326:1:void tflite::reference_ops::Broadcast4DSlowGreaterEqualNoScaling(const tflite::ComparisonParams&, const tflite::RuntimeShape&, const T*, const tflite::RuntimeShape&, const T*, const tflite::RuntimeShape&, bool*) [with T = float]	40	static
D:/EmbeddedSystems/Workspace_AI/nucleo-l496zg-tflite-sine-test/tensorflow_lite/tensorflow/lite/kernels/internal/reference/comparisons.h:326:1:void tflite::reference_ops::GreaterEqualNoScaling(const tflite::ComparisonParams&, const tflite::RuntimeShape&, const T*, const tflite::RuntimeShape&, const T*, const tflite::RuntimeShape&, bool*) [with T = float]	40	static
D:/EmbeddedSystems/Workspace_AI/nucleo-l496zg-tflite-sine-test/tensorflow_lite/tensorflow/lite/kernels/internal/reference/comparisons.h:326:1:void tflite::reference_ops::Broadcast4DSlowGreaterEqualNoScaling(const tflite::ComparisonParams&, const tflite::RuntimeShape&, const T*, const tflite::RuntimeShape&, const T*, const tflite::RuntimeShape&, bool*) [with T = long int]	40	static
D:/EmbeddedSystems/Workspace_AI/nucleo-l496zg-tflite-sine-test/tensorflow_lite/tensorflow/lite/kernels/internal/reference/comparisons.h:326:1:void tflite::reference_ops::GreaterEqualNoScaling(const tflite::ComparisonParams&, const tflite::RuntimeShape&, const T*, const tflite::RuntimeShape&, const T*, const tflite::RuntimeShape&, bool*) [with T = long int]	40	static
D:/EmbeddedSystems/Workspace_AI/nucleo-l496zg-tflite-sine-test/tensorflow_lite/tensorflow/lite/kernels/internal/reference/comparisons.h:326:1:void tflite::reference_ops::Broadcast4DSlowGreaterEqualNoScaling(const tflite::ComparisonParams&, const tflite::RuntimeShape&, const T*, const tflite::RuntimeShape&, const T*, const tflite::RuntimeShape&, bool*) [with T = long long int]	40	static
D:/EmbeddedSystems/Workspace_AI/nucleo-l496zg-tflite-sine-test/tensorflow_lite/tensorflow/lite/kernels/internal/reference/comparisons.h:326:1:void tflite::reference_ops::GreaterEqualNoScaling(const tflite::ComparisonParams&, const tflite::RuntimeShape&, const T*, const tflite::RuntimeShape&, const T*, const tflite::RuntimeShape&, bool*) [with T = long long int]	40	static
../tensorflow_lite/tensorflow/lite/micro/kernels/comparisons.cc:81:1:void tflite::ops::micro::comparisons::{anonymous}::EvalQuantizedGreaterEqual(TfLiteContext*, TfLiteNode*, const TfLiteTensor*, const TfLiteTensor*, TfLiteTensor*, bool) [with input_dtype = unsigned char]	256	static
../tensorflow_lite/tensorflow/lite/micro/kernels/comparisons.cc:81:1:void tflite::ops::micro::comparisons::{anonymous}::EvalQuantizedGreaterEqual(TfLiteContext*, TfLiteNode*, const TfLiteTensor*, const TfLiteTensor*, TfLiteTensor*, bool) [with input_dtype = signed char]	256	static
D:/EmbeddedSystems/Workspace_AI/nucleo-l496zg-tflite-sine-test/tensorflow_lite/tensorflow/lite/kernels/internal/reference/comparisons.h:327:1:void tflite::reference_ops::Broadcast4DSlowLessNoScaling(const tflite::ComparisonParams&, const tflite::RuntimeShape&, const T*, const tflite::RuntimeShape&, const T*, const tflite::RuntimeShape&, bool*) [with T = float]	40	static
D:/EmbeddedSystems/Workspace_AI/nucleo-l496zg-tflite-sine-test/tensorflow_lite/tensorflow/lite/kernels/internal/reference/comparisons.h:327:1:void tflite::reference_ops::LessNoScaling(const tflite::ComparisonParams&, const tflite::RuntimeShape&, const T*, const tflite::RuntimeShape&, const T*, const tflite::RuntimeShape&, bool*) [with T = float]	40	static
D:/EmbeddedSystems/Workspace_AI/nucleo-l496zg-tflite-sine-test/tensorflow_lite/tensorflow/lite/kernels/internal/reference/comparisons.h:327:1:void tflite::reference_ops::Broadcast4DSlowLessNoScaling(const tflite::ComparisonParams&, const tflite::RuntimeShape&, const T*, const tflite::RuntimeShape&, const T*, const tflite::RuntimeShape&, bool*) [with T = long int]	40	static
D:/EmbeddedSystems/Workspace_AI/nucleo-l496zg-tflite-sine-test/tensorflow_lite/tensorflow/lite/kernels/internal/reference/comparisons.h:327:1:void tflite::reference_ops::LessNoScaling(const tflite::ComparisonParams&, const tflite::RuntimeShape&, const T*, const tflite::RuntimeShape&, const T*, const tflite::RuntimeShape&, bool*) [with T = long int]	40	static
D:/EmbeddedSystems/Workspace_AI/nucleo-l496zg-tflite-sine-test/tensorflow_lite/tensorflow/lite/kernels/internal/reference/comparisons.h:327:1:void tflite::reference_ops::Broadcast4DSlowLessNoScaling(const tflite::ComparisonParams&, const tflite::RuntimeShape&, const T*, const tflite::RuntimeShape&, const T*, const tflite::RuntimeShape&, bool*) [with T = long long int]	40	static
D:/EmbeddedSystems/Workspace_AI/nucleo-l496zg-tflite-sine-test/tensorflow_lite/tensorflow/lite/kernels/internal/reference/comparisons.h:327:1:void tflite::reference_ops::LessNoScaling(const tflite::ComparisonParams&, const tflite::RuntimeShape&, const T*, const tflite::RuntimeShape&, const T*, const tflite::RuntimeShape&, bool*) [with T = long long int]	40	static
../tensorflow_lite/tensorflow/lite/micro/kernels/comparisons.cc:82:1:void tflite::ops::micro::comparisons::{anonymous}::EvalQuantizedLess(TfLiteContext*, TfLiteNode*, const TfLiteTensor*, const TfLiteTensor*, TfLiteTensor*, bool) [with input_dtype = unsigned char]	256	static
../tensorflow_lite/tensorflow/lite/micro/kernels/comparisons.cc:82:1:void tflite::ops::micro::comparisons::{anonymous}::EvalQuantizedLess(TfLiteContext*, TfLiteNode*, const TfLiteTensor*, const TfLiteTensor*, TfLiteTensor*, bool) [with input_dtype = signed char]	256	static
D:/EmbeddedSystems/Workspace_AI/nucleo-l496zg-tflite-sine-test/tensorflow_lite/tensorflow/lite/kernels/internal/reference/comparisons.h:328:1:void tflite::reference_ops::Broadcast4DSlowLessEqualNoScaling(const tflite::ComparisonParams&, const tflite::RuntimeShape&, const T*, const tflite::RuntimeShape&, const T*, const tflite::RuntimeShape&, bool*) [with T = float]	40	static
D:/EmbeddedSystems/Workspace_AI/nucleo-l496zg-tflite-sine-test/tensorflow_lite/tensorflow/lite/kernels/internal/reference/comparisons.h:328:1:void tflite::reference_ops::LessEqualNoScaling(const tflite::ComparisonParams&, const tflite::RuntimeShape&, const T*, const tflite::RuntimeShape&, const T*, const tflite::RuntimeShape&, bool*) [with T = float]	40	static
D:/EmbeddedSystems/Workspace_AI/nucleo-l496zg-tflite-sine-test/tensorflow_lite/tensorflow/lite/kernels/internal/reference/comparisons.h:328:1:void tflite::reference_ops::Broadcast4DSlowLessEqualNoScaling(const tflite::ComparisonParams&, const tflite::RuntimeShape&, const T*, const tflite::RuntimeShape&, const T*, const tflite::RuntimeShape&, bool*) [with T = long int]	40	static
D:/EmbeddedSystems/Workspace_AI/nucleo-l496zg-tflite-sine-test/tensorflow_lite/tensorflow/lite/kernels/internal/reference/comparisons.h:328:1:void tflite::reference_ops::LessEqualNoScaling(const tflite::ComparisonParams&, const tflite::RuntimeShape&, const T*, const tflite::RuntimeShape&, const T*, const tflite::RuntimeShape&, bool*) [with T = long int]	40	static
D:/EmbeddedSystems/Workspace_AI/nucleo-l496zg-tflite-sine-test/tensorflow_lite/tensorflow/lite/kernels/internal/reference/comparisons.h:328:1:void tflite::reference_ops::Broadcast4DSlowLessEqualNoScaling(const tflite::ComparisonParams&, const tflite::RuntimeShape&, const T*, const tflite::RuntimeShape&, const T*, const tflite::RuntimeShape&, bool*) [with T = long long int]	40	static
D:/EmbeddedSystems/Workspace_AI/nucleo-l496zg-tflite-sine-test/tensorflow_lite/tensorflow/lite/kernels/internal/reference/comparisons.h:328:1:void tflite::reference_ops::LessEqualNoScaling(const tflite::ComparisonParams&, const tflite::RuntimeShape&, const T*, const tflite::RuntimeShape&, const T*, const tflite::RuntimeShape&, bool*) [with T = long long int]	40	static
../tensorflow_lite/tensorflow/lite/micro/kernels/comparisons.cc:83:1:void tflite::ops::micro::comparisons::{anonymous}::EvalQuantizedLessEqual(TfLiteContext*, TfLiteNode*, const TfLiteTensor*, const TfLiteTensor*, TfLiteTensor*, bool) [with input_dtype = unsigned char]	256	static
../tensorflow_lite/tensorflow/lite/micro/kernels/comparisons.cc:83:1:void tflite::ops::micro::comparisons::{anonymous}::EvalQuantizedLessEqual(TfLiteContext*, TfLiteNode*, const TfLiteTensor*, const TfLiteTensor*, TfLiteTensor*, bool) [with input_dtype = signed char]	256	static
D:/EmbeddedSystems/Workspace_AI/nucleo-l496zg-tflite-sine-test/tensorflow_lite/third_party/gemmlowp/fixedpoint/fixedpoint.h:64:10:tRawType gemmlowp::Dup(typename gemmlowp::FixedPointRawTypeTraits<tRawType>::ScalarRawType) [with tRawType = long int]	16	static
D:/EmbeddedSystems/Workspace_AI/nucleo-l496zg-tflite-sine-test/tensorflow_lite/third_party/gemmlowp/fixedpoint/fixedpoint.h:70:14:tIntegerType gemmlowp::BitAnd(tIntegerType, tIntegerType) [with tIntegerType = long int]	16	static
D:/EmbeddedSystems/Workspace_AI/nucleo-l496zg-tflite-sine-test/tensorflow_lite/third_party/gemmlowp/fixedpoint/fixedpoint.h:140:14:tIntegerType gemmlowp::ShiftRight(tIntegerType, int) [with tIntegerType = long int]	16	static
D:/EmbeddedSystems/Workspace_AI/nucleo-l496zg-tflite-sine-test/tensorflow_lite/third_party/gemmlowp/fixedpoint/fixedpoint.h:199:14:tIntegerType gemmlowp::MaskIfLessThan(tIntegerType, tIntegerType) [with tIntegerType = long int]	16	static
D:/EmbeddedSystems/Workspace_AI/nucleo-l496zg-tflite-sine-test/tensorflow_lite/third_party/gemmlowp/fixedpoint/fixedpoint.h:94:14:tIntegerType gemmlowp::Add(tIntegerType, tIntegerType) [with tIntegerType = long int]	16	static
D:/EmbeddedSystems/Workspace_AI/nucleo-l496zg-tflite-sine-test/tensorflow_lite/third_party/gemmlowp/fixedpoint/fixedpoint.h:185:14:tIntegerType gemmlowp::MaskIfGreaterThan(tIntegerType, tIntegerType) [with tIntegerType = long int]	16	static
D:/EmbeddedSystems/Workspace_AI/nucleo-l496zg-tflite-sine-test/tensorflow_lite/tensorflow/lite/kernels/internal/common.h:707:13:void tflite::CopyDimsToDesc(const tflite::RuntimeShape&, tflite::NdArrayDesc<N>*) [with int N = 4]	24	static
D:/EmbeddedSystems/Workspace_AI/nucleo-l496zg-tflite-sine-test/tensorflow_lite/tensorflow/lite/kernels/internal/reference/comparisons.h:70:13:void tflite::reference_ops::ComparisonImpl(const tflite::ComparisonParams&, const tflite::RuntimeShape&, const T*, const tflite::RuntimeShape&, const T*, const tflite::RuntimeShape&, bool*) [with T = float; bool (* F)(T, T) = tflite::reference_ops::EqualFn<float>]	64	static
D:/EmbeddedSystems/Workspace_AI/nucleo-l496zg-tflite-sine-test/tensorflow_lite/tensorflow/lite/kernels/internal/reference/comparisons.h:160:13:void tflite::reference_ops::BroadcastComparison4DSlowImpl(const tflite::ComparisonParams&, const tflite::RuntimeShape&, const T*, const tflite::RuntimeShape&, const T*, const tflite::RuntimeShape&, bool*) [with T = float; bool (* F)(T, T) = tflite::reference_ops::EqualFn<float>]	152	static
D:/EmbeddedSystems/Workspace_AI/nucleo-l496zg-tflite-sine-test/tensorflow_lite/tensorflow/lite/kernels/internal/reference/comparisons.h:70:13:void tflite::reference_ops::ComparisonImpl(const tflite::ComparisonParams&, const tflite::RuntimeShape&, const T*, const tflite::RuntimeShape&, const T*, const tflite::RuntimeShape&, bool*) [with T = float; bool (* F)(T, T) = tflite::reference_ops::NotEqualFn<float>]	64	static
D:/EmbeddedSystems/Workspace_AI/nucleo-l496zg-tflite-sine-test/tensorflow_lite/tensorflow/lite/kernels/internal/reference/comparisons.h:160:13:void tflite::reference_ops::BroadcastComparison4DSlowImpl(const tflite::ComparisonParams&, const tflite::RuntimeShape&, const T*, const tflite::RuntimeShape&, const T*, const tflite::RuntimeShape&, bool*) [with T = float; bool (* F)(T, T) = tflite::reference_ops::NotEqualFn<float>]	152	static
D:/EmbeddedSystems/Workspace_AI/nucleo-l496zg-tflite-sine-test/tensorflow_lite/tensorflow/lite/kernels/internal/reference/comparisons.h:70:13:void tflite::reference_ops::ComparisonImpl(const tflite::ComparisonParams&, const tflite::RuntimeShape&, const T*, const tflite::RuntimeShape&, const T*, const tflite::RuntimeShape&, bool*) [with T = float; bool (* F)(T, T) = tflite::reference_ops::GreaterFn<float>]	64	static
D:/EmbeddedSystems/Workspace_AI/nucleo-l496zg-tflite-sine-test/tensorflow_lite/tensorflow/lite/kernels/internal/reference/comparisons.h:160:13:void tflite::reference_ops::BroadcastComparison4DSlowImpl(const tflite::ComparisonParams&, const tflite::RuntimeShape&, const T*, const tflite::RuntimeShape&, const T*, const tflite::RuntimeShape&, bool*) [with T = float; bool (* F)(T, T) = tflite::reference_ops::GreaterFn<float>]	152	static
D:/EmbeddedSystems/Workspace_AI/nucleo-l496zg-tflite-sine-test/tensorflow_lite/tensorflow/lite/kernels/internal/reference/comparisons.h:70:13:void tflite::reference_ops::ComparisonImpl(const tflite::ComparisonParams&, const tflite::RuntimeShape&, const T*, const tflite::RuntimeShape&, const T*, const tflite::RuntimeShape&, bool*) [with T = float; bool (* F)(T, T) = tflite::reference_ops::GreaterEqualFn<float>]	64	static
D:/EmbeddedSystems/Workspace_AI/nucleo-l496zg-tflite-sine-test/tensorflow_lite/tensorflow/lite/kernels/internal/reference/comparisons.h:160:13:void tflite::reference_ops::BroadcastComparison4DSlowImpl(const tflite::ComparisonParams&, const tflite::RuntimeShape&, const T*, const tflite::RuntimeShape&, const T*, const tflite::RuntimeShape&, bool*) [with T = float; bool (* F)(T, T) = tflite::reference_ops::GreaterEqualFn<float>]	152	static
D:/EmbeddedSystems/Workspace_AI/nucleo-l496zg-tflite-sine-test/tensorflow_lite/tensorflow/lite/kernels/internal/reference/comparisons.h:70:13:void tflite::reference_ops::ComparisonImpl(const tflite::ComparisonParams&, const tflite::RuntimeShape&, const T*, const tflite::RuntimeShape&, const T*, const tflite::RuntimeShape&, bool*) [with T = float; bool (* F)(T, T) = tflite::reference_ops::LessFn<float>]	64	static
D:/EmbeddedSystems/Workspace_AI/nucleo-l496zg-tflite-sine-test/tensorflow_lite/tensorflow/lite/kernels/internal/reference/comparisons.h:160:13:void tflite::reference_ops::BroadcastComparison4DSlowImpl(const tflite::ComparisonParams&, const tflite::RuntimeShape&, const T*, const tflite::RuntimeShape&, const T*, const tflite::RuntimeShape&, bool*) [with T = float; bool (* F)(T, T) = tflite::reference_ops::LessFn<float>]	152	static
D:/EmbeddedSystems/Workspace_AI/nucleo-l496zg-tflite-sine-test/tensorflow_lite/tensorflow/lite/kernels/internal/reference/comparisons.h:70:13:void tflite::reference_ops::ComparisonImpl(const tflite::ComparisonParams&, const tflite::RuntimeShape&, const T*, const tflite::RuntimeShape&, const T*, const tflite::RuntimeShape&, bool*) [with T = float; bool (* F)(T, T) = tflite::reference_ops::LessEqualFn<float>]	64	static
D:/EmbeddedSystems/Workspace_AI/nucleo-l496zg-tflite-sine-test/tensorflow_lite/tensorflow/lite/kernels/internal/reference/comparisons.h:160:13:void tflite::reference_ops::BroadcastComparison4DSlowImpl(const tflite::ComparisonParams&, const tflite::RuntimeShape&, const T*, const tflite::RuntimeShape&, const T*, const tflite::RuntimeShape&, bool*) [with T = float; bool (* F)(T, T) = tflite::reference_ops::LessEqualFn<float>]	152	static
D:/EmbeddedSystems/Workspace_AI/nucleo-l496zg-tflite-sine-test/tensorflow_lite/tensorflow/lite/kernels/internal/reference/comparisons.h:28:13:bool tflite::reference_ops::EqualFn(T, T) [with T = bool]	16	static
D:/EmbeddedSystems/Workspace_AI/nucleo-l496zg-tflite-sine-test/tensorflow_lite/tensorflow/lite/kernels/internal/reference/comparisons.h:160:13:void tflite::reference_ops::BroadcastComparison4DSlowImpl(const tflite::ComparisonParams&, const tflite::RuntimeShape&, const T*, const tflite::RuntimeShape&, const T*, const tflite::RuntimeShape&, bool*) [with T = bool; bool (* F)(T, T) = tflite::reference_ops::EqualFn<bool>]	152	static
D:/EmbeddedSystems/Workspace_AI/nucleo-l496zg-tflite-sine-test/tensorflow_lite/tensorflow/lite/kernels/internal/reference/comparisons.h:70:13:void tflite::reference_ops::ComparisonImpl(const tflite::ComparisonParams&, const tflite::RuntimeShape&, const T*, const tflite::RuntimeShape&, const T*, const tflite::RuntimeShape&, bool*) [with T = bool; bool (* F)(T, T) = tflite::reference_ops::EqualFn<bool>]	64	static
D:/EmbeddedSystems/Workspace_AI/nucleo-l496zg-tflite-sine-test/tensorflow_lite/tensorflow/lite/kernels/internal/reference/comparisons.h:28:13:bool tflite::reference_ops::EqualFn(T, T) [with T = long int]	16	static
D:/EmbeddedSystems/Workspace_AI/nucleo-l496zg-tflite-sine-test/tensorflow_lite/tensorflow/lite/kernels/internal/reference/comparisons.h:160:13:void tflite::reference_ops::BroadcastComparison4DSlowImpl(const tflite::ComparisonParams&, const tflite::RuntimeShape&, const T*, const tflite::RuntimeShape&, const T*, const tflite::RuntimeShape&, bool*) [with T = long int; bool (* F)(T, T) = tflite::reference_ops::EqualFn<long int>]	152	static
D:/EmbeddedSystems/Workspace_AI/nucleo-l496zg-tflite-sine-test/tensorflow_lite/tensorflow/lite/kernels/internal/reference/comparisons.h:70:13:void tflite::reference_ops::ComparisonImpl(const tflite::ComparisonParams&, const tflite::RuntimeShape&, const T*, const tflite::RuntimeShape&, const T*, const tflite::RuntimeShape&, bool*) [with T = long int; bool (* F)(T, T) = tflite::reference_ops::EqualFn<long int>]	64	static
D:/EmbeddedSystems/Workspace_AI/nucleo-l496zg-tflite-sine-test/tensorflow_lite/tensorflow/lite/kernels/internal/reference/comparisons.h:28:13:bool tflite::reference_ops::EqualFn(T, T) [with T = long long int]	24	static
D:/EmbeddedSystems/Workspace_AI/nucleo-l496zg-tflite-sine-test/tensorflow_lite/tensorflow/lite/kernels/internal/reference/comparisons.h:160:13:void tflite::reference_ops::BroadcastComparison4DSlowImpl(const tflite::ComparisonParams&, const tflite::RuntimeShape&, const T*, const tflite::RuntimeShape&, const T*, const tflite::RuntimeShape&, bool*) [with T = long long int; bool (* F)(T, T) = tflite::reference_ops::EqualFn<long long int>]	160	static
D:/EmbeddedSystems/Workspace_AI/nucleo-l496zg-tflite-sine-test/tensorflow_lite/tensorflow/lite/kernels/internal/reference/comparisons.h:70:13:void tflite::reference_ops::ComparisonImpl(const tflite::ComparisonParams&, const tflite::RuntimeShape&, const T*, const tflite::RuntimeShape&, const T*, const tflite::RuntimeShape&, bool*) [with T = long long int; bool (* F)(T, T) = tflite::reference_ops::EqualFn<long long int>]	64	static
D:/EmbeddedSystems/Workspace_AI/nucleo-l496zg-tflite-sine-test/tensorflow_lite/tensorflow/lite/kernels/internal/tensor_ctypes.h:29:17:const T* tflite::GetTensorData(const TfLiteTensor*) [with T = unsigned char]	16	static
D:/EmbeddedSystems/Workspace_AI/nucleo-l496zg-tflite-sine-test/tensorflow_lite/tensorflow/lite/kernels/internal/reference/comparisons.h:323:1:void tflite::reference_ops::Broadcast4DSlowEqualWithScaling(const tflite::ComparisonParams&, const tflite::RuntimeShape&, const T*, const tflite::RuntimeShape&, const T*, const tflite::RuntimeShape&, bool*) [with T = unsigned char]	40	static
D:/EmbeddedSystems/Workspace_AI/nucleo-l496zg-tflite-sine-test/tensorflow_lite/tensorflow/lite/kernels/internal/reference/comparisons.h:323:1:void tflite::reference_ops::EqualWithScaling(const tflite::ComparisonParams&, const tflite::RuntimeShape&, const T*, const tflite::RuntimeShape&, const T*, const tflite::RuntimeShape&, bool*) [with T = unsigned char]	40	static
D:/EmbeddedSystems/Workspace_AI/nucleo-l496zg-tflite-sine-test/tensorflow_lite/tensorflow/lite/kernels/internal/tensor_ctypes.h:29:17:const T* tflite::GetTensorData(const TfLiteTensor*) [with T = signed char]	16	static
D:/EmbeddedSystems/Workspace_AI/nucleo-l496zg-tflite-sine-test/tensorflow_lite/tensorflow/lite/kernels/internal/reference/comparisons.h:323:1:void tflite::reference_ops::Broadcast4DSlowEqualWithScaling(const tflite::ComparisonParams&, const tflite::RuntimeShape&, const T*, const tflite::RuntimeShape&, const T*, const tflite::RuntimeShape&, bool*) [with T = signed char]	40	static
D:/EmbeddedSystems/Workspace_AI/nucleo-l496zg-tflite-sine-test/tensorflow_lite/tensorflow/lite/kernels/internal/reference/comparisons.h:323:1:void tflite::reference_ops::EqualWithScaling(const tflite::ComparisonParams&, const tflite::RuntimeShape&, const T*, const tflite::RuntimeShape&, const T*, const tflite::RuntimeShape&, bool*) [with T = signed char]	40	static
D:/EmbeddedSystems/Workspace_AI/nucleo-l496zg-tflite-sine-test/tensorflow_lite/tensorflow/lite/kernels/internal/reference/comparisons.h:33:13:bool tflite::reference_ops::NotEqualFn(T, T) [with T = bool]	16	static
D:/EmbeddedSystems/Workspace_AI/nucleo-l496zg-tflite-sine-test/tensorflow_lite/tensorflow/lite/kernels/internal/reference/comparisons.h:160:13:void tflite::reference_ops::BroadcastComparison4DSlowImpl(const tflite::ComparisonParams&, const tflite::RuntimeShape&, const T*, const tflite::RuntimeShape&, const T*, const tflite::RuntimeShape&, bool*) [with T = bool; bool (* F)(T, T) = tflite::reference_ops::NotEqualFn<bool>]	152	static
D:/EmbeddedSystems/Workspace_AI/nucleo-l496zg-tflite-sine-test/tensorflow_lite/tensorflow/lite/kernels/internal/reference/comparisons.h:70:13:void tflite::reference_ops::ComparisonImpl(const tflite::ComparisonParams&, const tflite::RuntimeShape&, const T*, const tflite::RuntimeShape&, const T*, const tflite::RuntimeShape&, bool*) [with T = bool; bool (* F)(T, T) = tflite::reference_ops::NotEqualFn<bool>]	64	static
D:/EmbeddedSystems/Workspace_AI/nucleo-l496zg-tflite-sine-test/tensorflow_lite/tensorflow/lite/kernels/internal/reference/comparisons.h:33:13:bool tflite::reference_ops::NotEqualFn(T, T) [with T = long int]	16	static
D:/EmbeddedSystems/Workspace_AI/nucleo-l496zg-tflite-sine-test/tensorflow_lite/tensorflow/lite/kernels/internal/reference/comparisons.h:160:13:void tflite::reference_ops::BroadcastComparison4DSlowImpl(const tflite::ComparisonParams&, const tflite::RuntimeShape&, const T*, const tflite::RuntimeShape&, const T*, const tflite::RuntimeShape&, bool*) [with T = long int; bool (* F)(T, T) = tflite::reference_ops::NotEqualFn<long int>]	152	static
D:/EmbeddedSystems/Workspace_AI/nucleo-l496zg-tflite-sine-test/tensorflow_lite/tensorflow/lite/kernels/internal/reference/comparisons.h:70:13:void tflite::reference_ops::ComparisonImpl(const tflite::ComparisonParams&, const tflite::RuntimeShape&, const T*, const tflite::RuntimeShape&, const T*, const tflite::RuntimeShape&, bool*) [with T = long int; bool (* F)(T, T) = tflite::reference_ops::NotEqualFn<long int>]	64	static
D:/EmbeddedSystems/Workspace_AI/nucleo-l496zg-tflite-sine-test/tensorflow_lite/tensorflow/lite/kernels/internal/reference/comparisons.h:33:13:bool tflite::reference_ops::NotEqualFn(T, T) [with T = long long int]	24	static
D:/EmbeddedSystems/Workspace_AI/nucleo-l496zg-tflite-sine-test/tensorflow_lite/tensorflow/lite/kernels/internal/reference/comparisons.h:160:13:void tflite::reference_ops::BroadcastComparison4DSlowImpl(const tflite::ComparisonParams&, const tflite::RuntimeShape&, const T*, const tflite::RuntimeShape&, const T*, const tflite::RuntimeShape&, bool*) [with T = long long int; bool (* F)(T, T) = tflite::reference_ops::NotEqualFn<long long int>]	160	static
D:/EmbeddedSystems/Workspace_AI/nucleo-l496zg-tflite-sine-test/tensorflow_lite/tensorflow/lite/kernels/internal/reference/comparisons.h:70:13:void tflite::reference_ops::ComparisonImpl(const tflite::ComparisonParams&, const tflite::RuntimeShape&, const T*, const tflite::RuntimeShape&, const T*, const tflite::RuntimeShape&, bool*) [with T = long long int; bool (* F)(T, T) = tflite::reference_ops::NotEqualFn<long long int>]	64	static
D:/EmbeddedSystems/Workspace_AI/nucleo-l496zg-tflite-sine-test/tensorflow_lite/tensorflow/lite/kernels/internal/reference/comparisons.h:324:1:void tflite::reference_ops::Broadcast4DSlowNotEqualWithScaling(const tflite::ComparisonParams&, const tflite::RuntimeShape&, const T*, const tflite::RuntimeShape&, const T*, const tflite::RuntimeShape&, bool*) [with T = unsigned char]	40	static
D:/EmbeddedSystems/Workspace_AI/nucleo-l496zg-tflite-sine-test/tensorflow_lite/tensorflow/lite/kernels/internal/reference/comparisons.h:324:1:void tflite::reference_ops::NotEqualWithScaling(const tflite::ComparisonParams&, const tflite::RuntimeShape&, const T*, const tflite::RuntimeShape&, const T*, const tflite::RuntimeShape&, bool*) [with T = unsigned char]	40	static
D:/EmbeddedSystems/Workspace_AI/nucleo-l496zg-tflite-sine-test/tensorflow_lite/tensorflow/lite/kernels/internal/reference/comparisons.h:324:1:void tflite::reference_ops::Broadcast4DSlowNotEqualWithScaling(const tflite::ComparisonParams&, const tflite::RuntimeShape&, const T*, const tflite::RuntimeShape&, const T*, const tflite::RuntimeShape&, bool*) [with T = signed char]	40	static
D:/EmbeddedSystems/Workspace_AI/nucleo-l496zg-tflite-sine-test/tensorflow_lite/tensorflow/lite/kernels/internal/reference/comparisons.h:324:1:void tflite::reference_ops::NotEqualWithScaling(const tflite::ComparisonParams&, const tflite::RuntimeShape&, const T*, const tflite::RuntimeShape&, const T*, const tflite::RuntimeShape&, bool*) [with T = signed char]	40	static
D:/EmbeddedSystems/Workspace_AI/nucleo-l496zg-tflite-sine-test/tensorflow_lite/tensorflow/lite/kernels/internal/reference/comparisons.h:38:13:bool tflite::reference_ops::GreaterFn(T, T) [with T = long int]	16	static
D:/EmbeddedSystems/Workspace_AI/nucleo-l496zg-tflite-sine-test/tensorflow_lite/tensorflow/lite/kernels/internal/reference/comparisons.h:160:13:void tflite::reference_ops::BroadcastComparison4DSlowImpl(const tflite::ComparisonParams&, const tflite::RuntimeShape&, const T*, const tflite::RuntimeShape&, const T*, const tflite::RuntimeShape&, bool*) [with T = long int; bool (* F)(T, T) = tflite::reference_ops::GreaterFn<long int>]	152	static
D:/EmbeddedSystems/Workspace_AI/nucleo-l496zg-tflite-sine-test/tensorflow_lite/tensorflow/lite/kernels/internal/reference/comparisons.h:70:13:void tflite::reference_ops::ComparisonImpl(const tflite::ComparisonParams&, const tflite::RuntimeShape&, const T*, const tflite::RuntimeShape&, const T*, const tflite::RuntimeShape&, bool*) [with T = long int; bool (* F)(T, T) = tflite::reference_ops::GreaterFn<long int>]	64	static
D:/EmbeddedSystems/Workspace_AI/nucleo-l496zg-tflite-sine-test/tensorflow_lite/tensorflow/lite/kernels/internal/reference/comparisons.h:38:13:bool tflite::reference_ops::GreaterFn(T, T) [with T = long long int]	24	static
D:/EmbeddedSystems/Workspace_AI/nucleo-l496zg-tflite-sine-test/tensorflow_lite/tensorflow/lite/kernels/internal/reference/comparisons.h:160:13:void tflite::reference_ops::BroadcastComparison4DSlowImpl(const tflite::ComparisonParams&, const tflite::RuntimeShape&, const T*, const tflite::RuntimeShape&, const T*, const tflite::RuntimeShape&, bool*) [with T = long long int; bool (* F)(T, T) = tflite::reference_ops::GreaterFn<long long int>]	160	static
D:/EmbeddedSystems/Workspace_AI/nucleo-l496zg-tflite-sine-test/tensorflow_lite/tensorflow/lite/kernels/internal/reference/comparisons.h:70:13:void tflite::reference_ops::ComparisonImpl(const tflite::ComparisonParams&, const tflite::RuntimeShape&, const T*, const tflite::RuntimeShape&, const T*, const tflite::RuntimeShape&, bool*) [with T = long long int; bool (* F)(T, T) = tflite::reference_ops::GreaterFn<long long int>]	64	static
D:/EmbeddedSystems/Workspace_AI/nucleo-l496zg-tflite-sine-test/tensorflow_lite/tensorflow/lite/kernels/internal/reference/comparisons.h:325:1:void tflite::reference_ops::Broadcast4DSlowGreaterWithScaling(const tflite::ComparisonParams&, const tflite::RuntimeShape&, const T*, const tflite::RuntimeShape&, const T*, const tflite::RuntimeShape&, bool*) [with T = unsigned char]	40	static
D:/EmbeddedSystems/Workspace_AI/nucleo-l496zg-tflite-sine-test/tensorflow_lite/tensorflow/lite/kernels/internal/reference/comparisons.h:325:1:void tflite::reference_ops::GreaterWithScaling(const tflite::ComparisonParams&, const tflite::RuntimeShape&, const T*, const tflite::RuntimeShape&, const T*, const tflite::RuntimeShape&, bool*) [with T = unsigned char]	40	static
D:/EmbeddedSystems/Workspace_AI/nucleo-l496zg-tflite-sine-test/tensorflow_lite/tensorflow/lite/kernels/internal/reference/comparisons.h:325:1:void tflite::reference_ops::Broadcast4DSlowGreaterWithScaling(const tflite::ComparisonParams&, const tflite::RuntimeShape&, const T*, const tflite::RuntimeShape&, const T*, const tflite::RuntimeShape&, bool*) [with T = signed char]	40	static
D:/EmbeddedSystems/Workspace_AI/nucleo-l496zg-tflite-sine-test/tensorflow_lite/tensorflow/lite/kernels/internal/reference/comparisons.h:325:1:void tflite::reference_ops::GreaterWithScaling(const tflite::ComparisonParams&, const tflite::RuntimeShape&, const T*, const tflite::RuntimeShape&, const T*, const tflite::RuntimeShape&, bool*) [with T = signed char]	40	static
D:/EmbeddedSystems/Workspace_AI/nucleo-l496zg-tflite-sine-test/tensorflow_lite/tensorflow/lite/kernels/internal/reference/comparisons.h:42:13:bool tflite::reference_ops::GreaterEqualFn(T, T) [with T = long int]	16	static
D:/EmbeddedSystems/Workspace_AI/nucleo-l496zg-tflite-sine-test/tensorflow_lite/tensorflow/lite/kernels/internal/reference/comparisons.h:160:13:void tflite::reference_ops::BroadcastComparison4DSlowImpl(const tflite::ComparisonParams&, const tflite::RuntimeShape&, const T*, const tflite::RuntimeShape&, const T*, const tflite::RuntimeShape&, bool*) [with T = long int; bool (* F)(T, T) = tflite::reference_ops::GreaterEqualFn<long int>]	152	static
D:/EmbeddedSystems/Workspace_AI/nucleo-l496zg-tflite-sine-test/tensorflow_lite/tensorflow/lite/kernels/internal/reference/comparisons.h:70:13:void tflite::reference_ops::ComparisonImpl(const tflite::ComparisonParams&, const tflite::RuntimeShape&, const T*, const tflite::RuntimeShape&, const T*, const tflite::RuntimeShape&, bool*) [with T = long int; bool (* F)(T, T) = tflite::reference_ops::GreaterEqualFn<long int>]	64	static
D:/EmbeddedSystems/Workspace_AI/nucleo-l496zg-tflite-sine-test/tensorflow_lite/tensorflow/lite/kernels/internal/reference/comparisons.h:42:13:bool tflite::reference_ops::GreaterEqualFn(T, T) [with T = long long int]	24	static
D:/EmbeddedSystems/Workspace_AI/nucleo-l496zg-tflite-sine-test/tensorflow_lite/tensorflow/lite/kernels/internal/reference/comparisons.h:160:13:void tflite::reference_ops::BroadcastComparison4DSlowImpl(const tflite::ComparisonParams&, const tflite::RuntimeShape&, const T*, const tflite::RuntimeShape&, const T*, const tflite::RuntimeShape&, bool*) [with T = long long int; bool (* F)(T, T) = tflite::reference_ops::GreaterEqualFn<long long int>]	160	static
D:/EmbeddedSystems/Workspace_AI/nucleo-l496zg-tflite-sine-test/tensorflow_lite/tensorflow/lite/kernels/internal/reference/comparisons.h:70:13:void tflite::reference_ops::ComparisonImpl(const tflite::ComparisonParams&, const tflite::RuntimeShape&, const T*, const tflite::RuntimeShape&, const T*, const tflite::RuntimeShape&, bool*) [with T = long long int; bool (* F)(T, T) = tflite::reference_ops::GreaterEqualFn<long long int>]	64	static
D:/EmbeddedSystems/Workspace_AI/nucleo-l496zg-tflite-sine-test/tensorflow_lite/tensorflow/lite/kernels/internal/reference/comparisons.h:326:1:void tflite::reference_ops::Broadcast4DSlowGreaterEqualWithScaling(const tflite::ComparisonParams&, const tflite::RuntimeShape&, const T*, const tflite::RuntimeShape&, const T*, const tflite::RuntimeShape&, bool*) [with T = unsigned char]	40	static
D:/EmbeddedSystems/Workspace_AI/nucleo-l496zg-tflite-sine-test/tensorflow_lite/tensorflow/lite/kernels/internal/reference/comparisons.h:326:1:void tflite::reference_ops::GreaterEqualWithScaling(const tflite::ComparisonParams&, const tflite::RuntimeShape&, const T*, const tflite::RuntimeShape&, const T*, const tflite::RuntimeShape&, bool*) [with T = unsigned char]	40	static
D:/EmbeddedSystems/Workspace_AI/nucleo-l496zg-tflite-sine-test/tensorflow_lite/tensorflow/lite/kernels/internal/reference/comparisons.h:326:1:void tflite::reference_ops::Broadcast4DSlowGreaterEqualWithScaling(const tflite::ComparisonParams&, const tflite::RuntimeShape&, const T*, const tflite::RuntimeShape&, const T*, const tflite::RuntimeShape&, bool*) [with T = signed char]	40	static
D:/EmbeddedSystems/Workspace_AI/nucleo-l496zg-tflite-sine-test/tensorflow_lite/tensorflow/lite/kernels/internal/reference/comparisons.h:326:1:void tflite::reference_ops::GreaterEqualWithScaling(const tflite::ComparisonParams&, const tflite::RuntimeShape&, const T*, const tflite::RuntimeShape&, const T*, const tflite::RuntimeShape&, bool*) [with T = signed char]	40	static
D:/EmbeddedSystems/Workspace_AI/nucleo-l496zg-tflite-sine-test/tensorflow_lite/tensorflow/lite/kernels/internal/reference/comparisons.h:46:13:bool tflite::reference_ops::LessFn(T, T) [with T = long int]	16	static
D:/EmbeddedSystems/Workspace_AI/nucleo-l496zg-tflite-sine-test/tensorflow_lite/tensorflow/lite/kernels/internal/reference/comparisons.h:160:13:void tflite::reference_ops::BroadcastComparison4DSlowImpl(const tflite::ComparisonParams&, const tflite::RuntimeShape&, const T*, const tflite::RuntimeShape&, const T*, const tflite::RuntimeShape&, bool*) [with T = long int; bool (* F)(T, T) = tflite::reference_ops::LessFn<long int>]	152	static
D:/EmbeddedSystems/Workspace_AI/nucleo-l496zg-tflite-sine-test/tensorflow_lite/tensorflow/lite/kernels/internal/reference/comparisons.h:70:13:void tflite::reference_ops::ComparisonImpl(const tflite::ComparisonParams&, const tflite::RuntimeShape&, const T*, const tflite::RuntimeShape&, const T*, const tflite::RuntimeShape&, bool*) [with T = long int; bool (* F)(T, T) = tflite::reference_ops::LessFn<long int>]	64	static
D:/EmbeddedSystems/Workspace_AI/nucleo-l496zg-tflite-sine-test/tensorflow_lite/tensorflow/lite/kernels/internal/reference/comparisons.h:46:13:bool tflite::reference_ops::LessFn(T, T) [with T = long long int]	24	static
D:/EmbeddedSystems/Workspace_AI/nucleo-l496zg-tflite-sine-test/tensorflow_lite/tensorflow/lite/kernels/internal/reference/comparisons.h:160:13:void tflite::reference_ops::BroadcastComparison4DSlowImpl(const tflite::ComparisonParams&, const tflite::RuntimeShape&, const T*, const tflite::RuntimeShape&, const T*, const tflite::RuntimeShape&, bool*) [with T = long long int; bool (* F)(T, T) = tflite::reference_ops::LessFn<long long int>]	160	static
D:/EmbeddedSystems/Workspace_AI/nucleo-l496zg-tflite-sine-test/tensorflow_lite/tensorflow/lite/kernels/internal/reference/comparisons.h:70:13:void tflite::reference_ops::ComparisonImpl(const tflite::ComparisonParams&, const tflite::RuntimeShape&, const T*, const tflite::RuntimeShape&, const T*, const tflite::RuntimeShape&, bool*) [with T = long long int; bool (* F)(T, T) = tflite::reference_ops::LessFn<long long int>]	64	static
D:/EmbeddedSystems/Workspace_AI/nucleo-l496zg-tflite-sine-test/tensorflow_lite/tensorflow/lite/kernels/internal/reference/comparisons.h:327:1:void tflite::reference_ops::Broadcast4DSlowLessWithScaling(const tflite::ComparisonParams&, const tflite::RuntimeShape&, const T*, const tflite::RuntimeShape&, const T*, const tflite::RuntimeShape&, bool*) [with T = unsigned char]	40	static
D:/EmbeddedSystems/Workspace_AI/nucleo-l496zg-tflite-sine-test/tensorflow_lite/tensorflow/lite/kernels/internal/reference/comparisons.h:327:1:void tflite::reference_ops::LessWithScaling(const tflite::ComparisonParams&, const tflite::RuntimeShape&, const T*, const tflite::RuntimeShape&, const T*, const tflite::RuntimeShape&, bool*) [with T = unsigned char]	40	static
D:/EmbeddedSystems/Workspace_AI/nucleo-l496zg-tflite-sine-test/tensorflow_lite/tensorflow/lite/kernels/internal/reference/comparisons.h:327:1:void tflite::reference_ops::Broadcast4DSlowLessWithScaling(const tflite::ComparisonParams&, const tflite::RuntimeShape&, const T*, const tflite::RuntimeShape&, const T*, const tflite::RuntimeShape&, bool*) [with T = signed char]	40	static
D:/EmbeddedSystems/Workspace_AI/nucleo-l496zg-tflite-sine-test/tensorflow_lite/tensorflow/lite/kernels/internal/reference/comparisons.h:327:1:void tflite::reference_ops::LessWithScaling(const tflite::ComparisonParams&, const tflite::RuntimeShape&, const T*, const tflite::RuntimeShape&, const T*, const tflite::RuntimeShape&, bool*) [with T = signed char]	40	static
D:/EmbeddedSystems/Workspace_AI/nucleo-l496zg-tflite-sine-test/tensorflow_lite/tensorflow/lite/kernels/internal/reference/comparisons.h:50:13:bool tflite::reference_ops::LessEqualFn(T, T) [with T = long int]	16	static
D:/EmbeddedSystems/Workspace_AI/nucleo-l496zg-tflite-sine-test/tensorflow_lite/tensorflow/lite/kernels/internal/reference/comparisons.h:160:13:void tflite::reference_ops::BroadcastComparison4DSlowImpl(const tflite::ComparisonParams&, const tflite::RuntimeShape&, const T*, const tflite::RuntimeShape&, const T*, const tflite::RuntimeShape&, bool*) [with T = long int; bool (* F)(T, T) = tflite::reference_ops::LessEqualFn<long int>]	152	static
D:/EmbeddedSystems/Workspace_AI/nucleo-l496zg-tflite-sine-test/tensorflow_lite/tensorflow/lite/kernels/internal/reference/comparisons.h:70:13:void tflite::reference_ops::ComparisonImpl(const tflite::ComparisonParams&, const tflite::RuntimeShape&, const T*, const tflite::RuntimeShape&, const T*, const tflite::RuntimeShape&, bool*) [with T = long int; bool (* F)(T, T) = tflite::reference_ops::LessEqualFn<long int>]	64	static
D:/EmbeddedSystems/Workspace_AI/nucleo-l496zg-tflite-sine-test/tensorflow_lite/tensorflow/lite/kernels/internal/reference/comparisons.h:50:13:bool tflite::reference_ops::LessEqualFn(T, T) [with T = long long int]	24	static
D:/EmbeddedSystems/Workspace_AI/nucleo-l496zg-tflite-sine-test/tensorflow_lite/tensorflow/lite/kernels/internal/reference/comparisons.h:160:13:void tflite::reference_ops::BroadcastComparison4DSlowImpl(const tflite::ComparisonParams&, const tflite::RuntimeShape&, const T*, const tflite::RuntimeShape&, const T*, const tflite::RuntimeShape&, bool*) [with T = long long int; bool (* F)(T, T) = tflite::reference_ops::LessEqualFn<long long int>]	160	static
D:/EmbeddedSystems/Workspace_AI/nucleo-l496zg-tflite-sine-test/tensorflow_lite/tensorflow/lite/kernels/internal/reference/comparisons.h:70:13:void tflite::reference_ops::ComparisonImpl(const tflite::ComparisonParams&, const tflite::RuntimeShape&, const T*, const tflite::RuntimeShape&, const T*, const tflite::RuntimeShape&, bool*) [with T = long long int; bool (* F)(T, T) = tflite::reference_ops::LessEqualFn<long long int>]	64	static
D:/EmbeddedSystems/Workspace_AI/nucleo-l496zg-tflite-sine-test/tensorflow_lite/tensorflow/lite/kernels/internal/reference/comparisons.h:328:1:void tflite::reference_ops::Broadcast4DSlowLessEqualWithScaling(const tflite::ComparisonParams&, const tflite::RuntimeShape&, const T*, const tflite::RuntimeShape&, const T*, const tflite::RuntimeShape&, bool*) [with T = unsigned char]	40	static
D:/EmbeddedSystems/Workspace_AI/nucleo-l496zg-tflite-sine-test/tensorflow_lite/tensorflow/lite/kernels/internal/reference/comparisons.h:328:1:void tflite::reference_ops::LessEqualWithScaling(const tflite::ComparisonParams&, const tflite::RuntimeShape&, const T*, const tflite::RuntimeShape&, const T*, const tflite::RuntimeShape&, bool*) [with T = unsigned char]	40	static
D:/EmbeddedSystems/Workspace_AI/nucleo-l496zg-tflite-sine-test/tensorflow_lite/tensorflow/lite/kernels/internal/reference/comparisons.h:328:1:void tflite::reference_ops::Broadcast4DSlowLessEqualWithScaling(const tflite::ComparisonParams&, const tflite::RuntimeShape&, const T*, const tflite::RuntimeShape&, const T*, const tflite::RuntimeShape&, bool*) [with T = signed char]	40	static
D:/EmbeddedSystems/Workspace_AI/nucleo-l496zg-tflite-sine-test/tensorflow_lite/tensorflow/lite/kernels/internal/reference/comparisons.h:328:1:void tflite::reference_ops::LessEqualWithScaling(const tflite::ComparisonParams&, const tflite::RuntimeShape&, const T*, const tflite::RuntimeShape&, const T*, const tflite::RuntimeShape&, bool*) [with T = signed char]	40	static
D:/EmbeddedSystems/Workspace_AI/nucleo-l496zg-tflite-sine-test/tensorflow_lite/third_party/gemmlowp/fixedpoint/fixedpoint.h:156:14:tIntegerType gemmlowp::MaskIfNonZero(tIntegerType) [with tIntegerType = long int]	16	static
D:/EmbeddedSystems/Workspace_AI/nucleo-l496zg-tflite-sine-test/tensorflow_lite/tensorflow/lite/kernels/internal/reference/comparisons.h:222:13:void tflite::reference_ops::BroadcastComparison4DSlowWithScaling(const tflite::ComparisonParams&, const tflite::RuntimeShape&, const T*, const tflite::RuntimeShape&, const T*, const tflite::RuntimeShape&, bool*) [with T = unsigned char; bool (* F)(long int, long int) = tflite::reference_ops::EqualFn<long int>]	200	static
D:/EmbeddedSystems/Workspace_AI/nucleo-l496zg-tflite-sine-test/tensorflow_lite/tensorflow/lite/kernels/internal/reference/comparisons.h:109:13:void tflite::reference_ops::ComparisonWithScaling(const tflite::ComparisonParams&, const tflite::RuntimeShape&, const T*, const tflite::RuntimeShape&, const T*, const tflite::RuntimeShape&, bool*) [with T = unsigned char; bool (* F)(long int, long int) = tflite::reference_ops::EqualFn<long int>]	120	static
D:/EmbeddedSystems/Workspace_AI/nucleo-l496zg-tflite-sine-test/tensorflow_lite/tensorflow/lite/kernels/internal/reference/comparisons.h:222:13:void tflite::reference_ops::BroadcastComparison4DSlowWithScaling(const tflite::ComparisonParams&, const tflite::RuntimeShape&, const T*, const tflite::RuntimeShape&, const T*, const tflite::RuntimeShape&, bool*) [with T = signed char; bool (* F)(long int, long int) = tflite::reference_ops::EqualFn<long int>]	200	static
D:/EmbeddedSystems/Workspace_AI/nucleo-l496zg-tflite-sine-test/tensorflow_lite/tensorflow/lite/kernels/internal/reference/comparisons.h:109:13:void tflite::reference_ops::ComparisonWithScaling(const tflite::ComparisonParams&, const tflite::RuntimeShape&, const T*, const tflite::RuntimeShape&, const T*, const tflite::RuntimeShape&, bool*) [with T = signed char; bool (* F)(long int, long int) = tflite::reference_ops::EqualFn<long int>]	120	static
D:/EmbeddedSystems/Workspace_AI/nucleo-l496zg-tflite-sine-test/tensorflow_lite/tensorflow/lite/kernels/internal/reference/comparisons.h:222:13:void tflite::reference_ops::BroadcastComparison4DSlowWithScaling(const tflite::ComparisonParams&, const tflite::RuntimeShape&, const T*, const tflite::RuntimeShape&, const T*, const tflite::RuntimeShape&, bool*) [with T = unsigned char; bool (* F)(long int, long int) = tflite::reference_ops::NotEqualFn<long int>]	200	static
D:/EmbeddedSystems/Workspace_AI/nucleo-l496zg-tflite-sine-test/tensorflow_lite/tensorflow/lite/kernels/internal/reference/comparisons.h:109:13:void tflite::reference_ops::ComparisonWithScaling(const tflite::ComparisonParams&, const tflite::RuntimeShape&, const T*, const tflite::RuntimeShape&, const T*, const tflite::RuntimeShape&, bool*) [with T = unsigned char; bool (* F)(long int, long int) = tflite::reference_ops::NotEqualFn<long int>]	120	static
D:/EmbeddedSystems/Workspace_AI/nucleo-l496zg-tflite-sine-test/tensorflow_lite/tensorflow/lite/kernels/internal/reference/comparisons.h:222:13:void tflite::reference_ops::BroadcastComparison4DSlowWithScaling(const tflite::ComparisonParams&, const tflite::RuntimeShape&, const T*, const tflite::RuntimeShape&, const T*, const tflite::RuntimeShape&, bool*) [with T = signed char; bool (* F)(long int, long int) = tflite::reference_ops::NotEqualFn<long int>]	200	static
D:/EmbeddedSystems/Workspace_AI/nucleo-l496zg-tflite-sine-test/tensorflow_lite/tensorflow/lite/kernels/internal/reference/comparisons.h:109:13:void tflite::reference_ops::ComparisonWithScaling(const tflite::ComparisonParams&, const tflite::RuntimeShape&, const T*, const tflite::RuntimeShape&, const T*, const tflite::RuntimeShape&, bool*) [with T = signed char; bool (* F)(long int, long int) = tflite::reference_ops::NotEqualFn<long int>]	120	static
D:/EmbeddedSystems/Workspace_AI/nucleo-l496zg-tflite-sine-test/tensorflow_lite/tensorflow/lite/kernels/internal/reference/comparisons.h:222:13:void tflite::reference_ops::BroadcastComparison4DSlowWithScaling(const tflite::ComparisonParams&, const tflite::RuntimeShape&, const T*, const tflite::RuntimeShape&, const T*, const tflite::RuntimeShape&, bool*) [with T = unsigned char; bool (* F)(long int, long int) = tflite::reference_ops::GreaterFn<long int>]	200	static
D:/EmbeddedSystems/Workspace_AI/nucleo-l496zg-tflite-sine-test/tensorflow_lite/tensorflow/lite/kernels/internal/reference/comparisons.h:109:13:void tflite::reference_ops::ComparisonWithScaling(const tflite::ComparisonParams&, const tflite::RuntimeShape&, const T*, const tflite::RuntimeShape&, const T*, const tflite::RuntimeShape&, bool*) [with T = unsigned char; bool (* F)(long int, long int) = tflite::reference_ops::GreaterFn<long int>]	120	static
D:/EmbeddedSystems/Workspace_AI/nucleo-l496zg-tflite-sine-test/tensorflow_lite/tensorflow/lite/kernels/internal/reference/comparisons.h:222:13:void tflite::reference_ops::BroadcastComparison4DSlowWithScaling(const tflite::ComparisonParams&, const tflite::RuntimeShape&, const T*, const tflite::RuntimeShape&, const T*, const tflite::RuntimeShape&, bool*) [with T = signed char; bool (* F)(long int, long int) = tflite::reference_ops::GreaterFn<long int>]	200	static
D:/EmbeddedSystems/Workspace_AI/nucleo-l496zg-tflite-sine-test/tensorflow_lite/tensorflow/lite/kernels/internal/reference/comparisons.h:109:13:void tflite::reference_ops::ComparisonWithScaling(const tflite::ComparisonParams&, const tflite::RuntimeShape&, const T*, const tflite::RuntimeShape&, const T*, const tflite::RuntimeShape&, bool*) [with T = signed char; bool (* F)(long int, long int) = tflite::reference_ops::GreaterFn<long int>]	120	static
D:/EmbeddedSystems/Workspace_AI/nucleo-l496zg-tflite-sine-test/tensorflow_lite/tensorflow/lite/kernels/internal/reference/comparisons.h:222:13:void tflite::reference_ops::BroadcastComparison4DSlowWithScaling(const tflite::ComparisonParams&, const tflite::RuntimeShape&, const T*, const tflite::RuntimeShape&, const T*, const tflite::RuntimeShape&, bool*) [with T = unsigned char; bool (* F)(long int, long int) = tflite::reference_ops::GreaterEqualFn<long int>]	200	static
D:/EmbeddedSystems/Workspace_AI/nucleo-l496zg-tflite-sine-test/tensorflow_lite/tensorflow/lite/kernels/internal/reference/comparisons.h:109:13:void tflite::reference_ops::ComparisonWithScaling(const tflite::ComparisonParams&, const tflite::RuntimeShape&, const T*, const tflite::RuntimeShape&, const T*, const tflite::RuntimeShape&, bool*) [with T = unsigned char; bool (* F)(long int, long int) = tflite::reference_ops::GreaterEqualFn<long int>]	120	static
D:/EmbeddedSystems/Workspace_AI/nucleo-l496zg-tflite-sine-test/tensorflow_lite/tensorflow/lite/kernels/internal/reference/comparisons.h:222:13:void tflite::reference_ops::BroadcastComparison4DSlowWithScaling(const tflite::ComparisonParams&, const tflite::RuntimeShape&, const T*, const tflite::RuntimeShape&, const T*, const tflite::RuntimeShape&, bool*) [with T = signed char; bool (* F)(long int, long int) = tflite::reference_ops::GreaterEqualFn<long int>]	200	static
D:/EmbeddedSystems/Workspace_AI/nucleo-l496zg-tflite-sine-test/tensorflow_lite/tensorflow/lite/kernels/internal/reference/comparisons.h:109:13:void tflite::reference_ops::ComparisonWithScaling(const tflite::ComparisonParams&, const tflite::RuntimeShape&, const T*, const tflite::RuntimeShape&, const T*, const tflite::RuntimeShape&, bool*) [with T = signed char; bool (* F)(long int, long int) = tflite::reference_ops::GreaterEqualFn<long int>]	120	static
D:/EmbeddedSystems/Workspace_AI/nucleo-l496zg-tflite-sine-test/tensorflow_lite/tensorflow/lite/kernels/internal/reference/comparisons.h:222:13:void tflite::reference_ops::BroadcastComparison4DSlowWithScaling(const tflite::ComparisonParams&, const tflite::RuntimeShape&, const T*, const tflite::RuntimeShape&, const T*, const tflite::RuntimeShape&, bool*) [with T = unsigned char; bool (* F)(long int, long int) = tflite::reference_ops::LessFn<long int>]	200	static
D:/EmbeddedSystems/Workspace_AI/nucleo-l496zg-tflite-sine-test/tensorflow_lite/tensorflow/lite/kernels/internal/reference/comparisons.h:109:13:void tflite::reference_ops::ComparisonWithScaling(const tflite::ComparisonParams&, const tflite::RuntimeShape&, const T*, const tflite::RuntimeShape&, const T*, const tflite::RuntimeShape&, bool*) [with T = unsigned char; bool (* F)(long int, long int) = tflite::reference_ops::LessFn<long int>]	120	static
D:/EmbeddedSystems/Workspace_AI/nucleo-l496zg-tflite-sine-test/tensorflow_lite/tensorflow/lite/kernels/internal/reference/comparisons.h:222:13:void tflite::reference_ops::BroadcastComparison4DSlowWithScaling(const tflite::ComparisonParams&, const tflite::RuntimeShape&, const T*, const tflite::RuntimeShape&, const T*, const tflite::RuntimeShape&, bool*) [with T = signed char; bool (* F)(long int, long int) = tflite::reference_ops::LessFn<long int>]	200	static
D:/EmbeddedSystems/Workspace_AI/nucleo-l496zg-tflite-sine-test/tensorflow_lite/tensorflow/lite/kernels/internal/reference/comparisons.h:109:13:void tflite::reference_ops::ComparisonWithScaling(const tflite::ComparisonParams&, const tflite::RuntimeShape&, const T*, const tflite::RuntimeShape&, const T*, const tflite::RuntimeShape&, bool*) [with T = signed char; bool (* F)(long int, long int) = tflite::reference_ops::LessFn<long int>]	120	static
D:/EmbeddedSystems/Workspace_AI/nucleo-l496zg-tflite-sine-test/tensorflow_lite/tensorflow/lite/kernels/internal/reference/comparisons.h:222:13:void tflite::reference_ops::BroadcastComparison4DSlowWithScaling(const tflite::ComparisonParams&, const tflite::RuntimeShape&, const T*, const tflite::RuntimeShape&, const T*, const tflite::RuntimeShape&, bool*) [with T = unsigned char; bool (* F)(long int, long int) = tflite::reference_ops::LessEqualFn<long int>]	200	static
D:/EmbeddedSystems/Workspace_AI/nucleo-l496zg-tflite-sine-test/tensorflow_lite/tensorflow/lite/kernels/internal/reference/comparisons.h:109:13:void tflite::reference_ops::ComparisonWithScaling(const tflite::ComparisonParams&, const tflite::RuntimeShape&, const T*, const tflite::RuntimeShape&, const T*, const tflite::RuntimeShape&, bool*) [with T = unsigned char; bool (* F)(long int, long int) = tflite::reference_ops::LessEqualFn<long int>]	120	static
D:/EmbeddedSystems/Workspace_AI/nucleo-l496zg-tflite-sine-test/tensorflow_lite/tensorflow/lite/kernels/internal/reference/comparisons.h:222:13:void tflite::reference_ops::BroadcastComparison4DSlowWithScaling(const tflite::ComparisonParams&, const tflite::RuntimeShape&, const T*, const tflite::RuntimeShape&, const T*, const tflite::RuntimeShape&, bool*) [with T = signed char; bool (* F)(long int, long int) = tflite::reference_ops::LessEqualFn<long int>]	200	static
D:/EmbeddedSystems/Workspace_AI/nucleo-l496zg-tflite-sine-test/tensorflow_lite/tensorflow/lite/kernels/internal/reference/comparisons.h:109:13:void tflite::reference_ops::ComparisonWithScaling(const tflite::ComparisonParams&, const tflite::RuntimeShape&, const T*, const tflite::RuntimeShape&, const T*, const tflite::RuntimeShape&, bool*) [with T = signed char; bool (* F)(long int, long int) = tflite::reference_ops::LessEqualFn<long int>]	120	static
D:/EmbeddedSystems/Workspace_AI/nucleo-l496zg-tflite-sine-test/tensorflow_lite/third_party/gemmlowp/fixedpoint/fixedpoint.h:88:14:tIntegerType gemmlowp::BitNot(tIntegerType) [with tIntegerType = long int]	16	static
