D:/EmbeddedSystems/Workspace_AI/nucleo-l496zg-tflite-sine-test/tensorflow_lite/tensorflow/lite/core/api/error_reporter.h:37:11:tflite::ErrorReporter::~ErrorReporter()	16	static
D:/EmbeddedSystems/Workspace_AI/nucleo-l496zg-tflite-sine-test/tensorflow_lite/tensorflow/lite/core/api/error_reporter.h:37:11:virtual tflite::ErrorReporter::~ErrorReporter()	16	static
D:/EmbeddedSystems/Workspace_AI/nucleo-l496zg-tflite-sine-test/tensorflow_lite/tensorflow/lite/micro/micro_error_reporter.h:27:3:tflite::MicroErrorReporter::~MicroErrorReporter()	16	static
D:/EmbeddedSystems/Workspace_AI/nucleo-l496zg-tflite-sine-test/tensorflow_lite/tensorflow/lite/micro/micro_error_reporter.h:27:3:virtual tflite::MicroErrorReporter::~MicroErrorReporter()	16	static
\\?\D:\STM32Cube IDE\CubeIDE_1.13.1\STM32CubeIDE_1.13.1\STM32CubeIDE\plugins\com.st.stm32cube.ide.mcu.externaltools.gnu-tools-for-stm32.11.3.rel1.win32_1.1.0.202305231506\tools\arm-none-eabi\include\c++\11.3.1\arm-none-eabi\thumb\v7e-m+fp\hard\bits\gthr-default.h:229:1:int __gthread_key_delete(__gthread_key_t)	16	static
D:/EmbeddedSystems/Workspace_AI/nucleo-l496zg-tflite-sine-test/tensorflow_lite/third_party/flatbuffers/include/flatbuffers/flatbuffers.h:70:13:void flatbuffers::EndianCheck()	16	static
D:/EmbeddedSystems/Workspace_AI/nucleo-l496zg-tflite-sine-test/tensorflow_lite/third_party/flatbuffers/include/flatbuffers/flatbuffers.h:2418:18:const uint8_t* flatbuffers::Table::GetVTable() const	24	static
D:/EmbeddedSystems/Workspace_AI/nucleo-l496zg-tflite-sine-test/tensorflow_lite/third_party/flatbuffers/include/flatbuffers/flatbuffers.h:2424:13:flatbuffers::voffset_t flatbuffers::Table::GetOptionalFieldOffset(flatbuffers::voffset_t) const	24	static
D:/EmbeddedSystems/Workspace_AI/nucleo-l496zg-tflite-sine-test/tensorflow_lite/tensorflow/lite/schema/schema_generated.h:10577:12:uint32_t tflite::Model::version() const	16	static
D:/EmbeddedSystems/Workspace_AI/nucleo-l496zg-tflite-sine-test/tensorflow_lite/tensorflow/lite/schema/schema_generated.h:16225:29:const tflite::Model* tflite::GetModel(const void*)	16	static
D:/EmbeddedSystems/Workspace_AI/nucleo-l496zg-tflite-sine-test/tensorflow_lite/tensorflow/lite/core/api/op_resolver.h:35:11:tflite::OpResolver::~OpResolver()	16	static
D:/EmbeddedSystems/Workspace_AI/nucleo-l496zg-tflite-sine-test/tensorflow_lite/tensorflow/lite/core/api/op_resolver.h:35:11:virtual tflite::OpResolver::~OpResolver()	16	static
D:/EmbeddedSystems/Workspace_AI/nucleo-l496zg-tflite-sine-test/tensorflow_lite/tensorflow/lite/micro/micro_op_resolver.h:58:29:virtual const TfLiteRegistration* tflite::MicroOpResolver::FindOp(tflite::BuiltinOperator, int) const	24	static
D:/EmbeddedSystems/Workspace_AI/nucleo-l496zg-tflite-sine-test/tensorflow_lite/tensorflow/lite/micro/micro_op_resolver.h:65:29:virtual const TfLiteRegistration* tflite::MicroOpResolver::FindOp(const char*, int) const	24	static
D:/EmbeddedSystems/Workspace_AI/nucleo-l496zg-tflite-sine-test/tensorflow_lite/tensorflow/lite/micro/micro_op_resolver.h:73:3:tflite::MicroOpResolver::~MicroOpResolver()	16	static
D:/EmbeddedSystems/Workspace_AI/nucleo-l496zg-tflite-sine-test/tensorflow_lite/tensorflow/lite/micro/micro_op_resolver.h:73:3:virtual tflite::MicroOpResolver::~MicroOpResolver()	16	static
../Core/Src/main.cpp:129:39:void __tcf_0()	8	static
../Core/Src/main.cpp:146:46:void __tcf_1()	8	static
../Core/Src/main.cpp:165:81:void __tcf_2()	8	static
../Core/Src/main.cpp:92:5:int main()	96	static
../Core/Src/main.cpp:230:6:void SystemClock_Config()	96	static
../Core/Src/main.cpp:281:13:void MX_LPUART1_UART_Init()	8	static
../Core/Src/main.cpp:315:13:void MX_TIM16_Init()	8	static
../Core/Src/main.cpp:347:13:void MX_GPIO_Init()	24	static
../Core/Src/main.cpp:364:17:void DebugLog(const char*)	16	static
../Core/Src/main.cpp:374:6:void Error_Handler()	4	static,ignoring_inline_asm
D:/EmbeddedSystems/Workspace_AI/nucleo-l496zg-tflite-sine-test/tensorflow_lite/third_party/flatbuffers/include/flatbuffers/base.h:362:24:T flatbuffers::EndianScalar(T) [with T = long unsigned int]	16	static
D:/EmbeddedSystems/Workspace_AI/nucleo-l496zg-tflite-sine-test/tensorflow_lite/third_party/flatbuffers/include/flatbuffers/base.h:373:3:T flatbuffers::ReadScalar(const void*) [with T = short unsigned int]	16	static
D:/EmbeddedSystems/Workspace_AI/nucleo-l496zg-tflite-sine-test/tensorflow_lite/third_party/flatbuffers/include/flatbuffers/base.h:373:3:T flatbuffers::ReadScalar(const void*) [with T = long unsigned int]	16	static
D:/EmbeddedSystems/Workspace_AI/nucleo-l496zg-tflite-sine-test/tensorflow_lite/third_party/flatbuffers/include/flatbuffers/base.h:373:3:T flatbuffers::ReadScalar(const void*) [with T = long int]	16	static
D:/EmbeddedSystems/Workspace_AI/nucleo-l496zg-tflite-sine-test/tensorflow_lite/third_party/flatbuffers/include/flatbuffers/flatbuffers.h:2434:26:T flatbuffers::Table::GetField(flatbuffers::voffset_t, T) const [with T = long unsigned int]	32	static
D:/EmbeddedSystems/Workspace_AI/nucleo-l496zg-tflite-sine-test/tensorflow_lite/third_party/flatbuffers/include/flatbuffers/flatbuffers.h:2086:31:const T* flatbuffers::GetRoot(const void*) [with T = tflite::Model]	16	static
D:/EmbeddedSystems/Workspace_AI/nucleo-l496zg-tflite-sine-test/tensorflow_lite/tensorflow/lite/core/api/op_resolver.h:27:7:constexpr tflite::OpResolver::OpResolver()	16	static
D:/EmbeddedSystems/Workspace_AI/nucleo-l496zg-tflite-sine-test/tensorflow_lite/tensorflow/lite/micro/micro_op_resolver.h:35:7:constexpr tflite::MicroOpResolver::MicroOpResolver()	16	static
D:/EmbeddedSystems/Workspace_AI/nucleo-l496zg-tflite-sine-test/tensorflow_lite/tensorflow/lite/micro/micro_mutable_op_resolver.h:36:12:tflite::MicroMutableOpResolver<tOpCount>::MicroMutableOpResolver(tflite::ErrorReporter*) [with unsigned int tOpCount = 1]	16	static
D:/EmbeddedSystems/Workspace_AI/nucleo-l496zg-tflite-sine-test/tensorflow_lite/tensorflow/lite/micro/micro_mutable_op_resolver.h:199:16:TfLiteStatus tflite::MicroMutableOpResolver<tOpCount>::AddFullyConnected() [with unsigned int tOpCount = 1]	16	static
D:/EmbeddedSystems/Workspace_AI/nucleo-l496zg-tflite-sine-test/tensorflow_lite/third_party/flatbuffers/include/flatbuffers/base.h:362:24:T flatbuffers::EndianScalar(T) [with T = long int]	16	static
D:/EmbeddedSystems/Workspace_AI/nucleo-l496zg-tflite-sine-test/tensorflow_lite/third_party/flatbuffers/include/flatbuffers/base.h:362:24:T flatbuffers::EndianScalar(T) [with T = short unsigned int]	16	static
D:/EmbeddedSystems/Workspace_AI/nucleo-l496zg-tflite-sine-test/tensorflow_lite/third_party/flatbuffers/include/flatbuffers/flatbuffers.h:2079:25:T* flatbuffers::GetMutableRoot(void*) [with T = tflite::Model]	16	static
D:/EmbeddedSystems/Workspace_AI/nucleo-l496zg-tflite-sine-test/tensorflow_lite/tensorflow/lite/micro/micro_mutable_op_resolver.h:470:16:TfLiteStatus tflite::MicroMutableOpResolver<tOpCount>::AddBuiltin(tflite::BuiltinOperator, const TfLiteRegistration&, tflite::MicroOpResolver::BuiltinParseFunction) [with unsigned int tOpCount = 1]	32	static
D:/EmbeddedSystems/Workspace_AI/nucleo-l496zg-tflite-sine-test/tensorflow_lite/tensorflow/lite/micro/micro_mutable_op_resolver.h:39:29:const TfLiteRegistration* tflite::MicroMutableOpResolver<tOpCount>::FindOp(tflite::BuiltinOperator) const [with unsigned int tOpCount = 1]	24	static
D:/EmbeddedSystems/Workspace_AI/nucleo-l496zg-tflite-sine-test/tensorflow_lite/tensorflow/lite/micro/micro_mutable_op_resolver.h:34:7:tflite::MicroMutableOpResolver<1>::~MicroMutableOpResolver()	16	static
D:/EmbeddedSystems/Workspace_AI/nucleo-l496zg-tflite-sine-test/tensorflow_lite/tensorflow/lite/micro/micro_mutable_op_resolver.h:34:7:virtual tflite::MicroMutableOpResolver<1>::~MicroMutableOpResolver()	16	static
D:/EmbeddedSystems/Workspace_AI/nucleo-l496zg-tflite-sine-test/tensorflow_lite/tensorflow/lite/micro/micro_mutable_op_resolver.h:51:29:const TfLiteRegistration* tflite::MicroMutableOpResolver<tOpCount>::FindOp(const char*) const [with unsigned int tOpCount = 1]	24	static
D:/EmbeddedSystems/Workspace_AI/nucleo-l496zg-tflite-sine-test/tensorflow_lite/tensorflow/lite/micro/micro_mutable_op_resolver.h:62:41:TfLiteStatus (* tflite::MicroMutableOpResolver<tOpCount>::GetOpDataParser(tflite::BuiltinOperator) const)(const tflite::Operator*, tflite::BuiltinOperator, tflite::ErrorReporter*, tflite::BuiltinDataAllocator*, void**) [with unsigned int tOpCount = 1]	24	static
