../tensorflow_lite/tensorflow/lite/micro/micro_string.cc:43:7:char* {anonymous}::ReverseStringInPlace(char*, char*)	32	static
../tensorflow_lite/tensorflow/lite/micro/micro_string.cc:56:7:char* {anonymous}::StrCatStr(char*, int, const char*)	32	static
../tensorflow_lite/tensorflow/lite/micro/micro_string.cc:72:7:char* {anonymous}::FastUInt32ToBufferLeft(uint32_t, char*, int)	40	static
../tensorflow_lite/tensorflow/lite/micro/micro_string.cc:91:7:char* {anonymous}::FastInt32ToBufferLeft(int32_t, char*)	24	static
../tensorflow_lite/tensorflow/lite/micro/micro_string.cc:101:7:char* {anonymous}::StrCatInt32(char*, int, int32_t)	72	static
../tensorflow_lite/tensorflow/lite/micro/micro_string.cc:108:7:char* {anonymous}::StrCatUInt32(char*, int, uint32_t, int)	72	static
../tensorflow_lite/tensorflow/lite/micro/micro_string.cc:118:7:char* {anonymous}::FastFloatToBufferLeft(float, char*)	96	static
../tensorflow_lite/tensorflow/lite/micro/micro_string.cc:172:5:int {anonymous}::FormatInt32(char*, int32_t)	16	static
../tensorflow_lite/tensorflow/lite/micro/micro_string.cc:176:5:int {anonymous}::FormatUInt32(char*, uint32_t)	16	static
../tensorflow_lite/tensorflow/lite/micro/micro_string.cc:180:5:int {anonymous}::FormatHex(char*, uint32_t)	16	static
../tensorflow_lite/tensorflow/lite/micro/micro_string.cc:184:5:int {anonymous}::FormatFloat(char*, float)	16	static
../tensorflow_lite/tensorflow/lite/micro/micro_string.cc:190:16:int MicroVsnprintf(char*, int, const char*, va_list)	56	static
../tensorflow_lite/tensorflow/lite/micro/micro_string.cc:259:16:)	24	static
